+ python --version
Python 3.12.10
+ python -m pip install --upgrade pip
Requirement already satisfied: pip in C:\hostedtoolcache\windows\Python\3.12.10\x64\Lib\site-packages (26.2.1)
+ pip install -r requirements.txt pyinstaller
Ignoring pyobjc-core: markers 'sys_platform == "darwin"' don't match your environment
Ignoring pyobjc-framework-Cocoa: markers 'sys_platform == "darwin"' don't match your environment
Ignoring pyobjc-framework-IOBluetooth: markers 'sys_platform == "darwin"' don't match your environment
Ignoring pyobjc-framework-CoreBluetooth: markers 'sys_platform == "darwin"' don't match your environment
Collecting pyinstaller
  Downloading pyinstaller-6.22.3-py3-none-win_amd64.whl.metadata (8.5 kB)
Collecting hidapi>=0.14.0 (from -r requirements.txt (line 4))
  Downloading hidapi-0.15.0-cp312-cp312-win_amd64.whl.metadata (3.8 kB)
Collecting numpy>=1.24 (from -r requirements.txt (line 7))
  Downloading numpy-2.5.3-cp312-cp312-win_amd64.whl.metadata (6.6 kB)
Collecting matplotlib>=3.7 (from -r requirements.txt (line 8))
  Downloading matplotlib-3.11.2-cp312-cp312-win_amd64.whl.metadata (80 kB)
Collecting fastapi>=0.115 (from -r requirements.txt (line 11))
  Downloading fastapi-0.141.1-py3-none-any.whl.metadata (27 kB)
Collecting uvicorn>=0.30 (from uvicorn[standard]>=0.30->-r requirements.txt (line 12))
  Downloading uvicorn-0.53.0-py3-none-any.whl.metadata (6.6 kB)
Collecting python-multipart>=0.0.9 (from -r requirements.txt (line 13))
  Downloading python_multipart-0.0.32-py3-none-any.whl.metadata (2.1 kB)
Collecting sounddevice>=0.5 (from -r requirements.txt (line 17))
  Downloading sounddevice-0.5.6-py3-none-win_amd64.whl.metadata (1.4 kB)
Collecting opencv-python>=4.10 (from -r requirements.txt (line 18))
  Downloading opencv_python-5.0.0.93-cp37-abi3-win_amd64.whl.metadata (20 kB)
Collecting altgraph (from pyinstaller)
  Downloading altgraph-0.17.5-py2.py3-none-any.whl.metadata (7.5 kB)
Requirement already satisfied: packaging>=22.0 in C:\hostedtoolcache\windows\Python\3.12.10\x64\Lib\site-packages (from pyinstaller) (26.3)
Collecting pefile>=2022.5.30 (from pyinstaller)
  Downloading pefile-2024.8.26-py3-none-any.whl.metadata (1.4 kB)
Collecting pyinstaller-hooks-contrib>=2026.7 (from pyinstaller)
  Downloading pyinstaller_hooks_contrib-2026.7-py3-none-any.whl.metadata (16 kB)
Collecting pywin32-ctypes>=0.2.1 (from pyinstaller)
  Downloading pywin32_ctypes-0.2.3-py3-none-any.whl.metadata (3.9 kB)
Collecting setuptools>=42.0.0 (from pyinstaller)
  Downloading setuptools-84.0.0-py3-none-any.whl.metadata (6.6 kB)
Collecting contourpy>=1.0.1 (from matplotlib>=3.7->-r requirements.txt (line 8))
  Downloading contourpy-1.4.0-cp312-cp312-win_amd64.whl.metadata (3.8 kB)
Collecting cycler>=0.10 (from matplotlib>=3.7->-r requirements.txt (line 8))
  Downloading cycler-0.12.1-py3-none-any.whl.metadata (3.8 kB)
Collecting fonttools>=4.28.2 (from matplotlib>=3.7->-r requirements.txt (line 8))
  Downloading fonttools-4.65.0-cp312-cp312-win_amd64.whl.metadata (127 kB)
Collecting kiwisolver>=1.3.1 (from matplotlib>=3.7->-r requirements.txt (line 8))
  Downloading kiwisolver-1.5.1-cp312-cp312-win_amd64.whl.metadata (5.2 kB)
Collecting pillow>=9 (from matplotlib>=3.7->-r requirements.txt (line 8))
  Downloading pillow-12.3.0-cp312-cp312-win_amd64.whl.metadata (9.3 kB)
Collecting pyparsing>=3 (from matplotlib>=3.7->-r requirements.txt (line 8))
  Downloading pyparsing-3.3.3-py3-none-any.whl.metadata (5.9 kB)
Collecting python-dateutil>=2.7 (from matplotlib>=3.7->-r requirements.txt (line 8))
  Downloading python_dateutil-2.9.0.post0-py2.py3-none-any.whl.metadata (8.4 kB)
Collecting starlette>=0.46.0 (from fastapi>=0.115->-r requirements.txt (line 11))
  Downloading starlette-1.6.0-py3-none-any.whl.metadata (6.4 kB)
Collecting pydantic>=2.9.0 (from fastapi>=0.115->-r requirements.txt (line 11))
  Downloading pydantic-2.13.5-py3-none-any.whl.metadata (110 kB)
Collecting typing-extensions>=4.8.0 (from fastapi>=0.115->-r requirements.txt (line 11))
  Downloading typing_extensions-4.16.0-py3-none-any.whl.metadata (3.3 kB)
Collecting typing-inspection>=0.4.2 (from fastapi>=0.115->-r requirements.txt (line 11))
  Downloading typing_inspection-0.4.4-py3-none-any.whl.metadata (2.6 kB)
Collecting annotated-doc>=0.0.2 (from fastapi>=0.115->-r requirements.txt (line 11))
  Downloading annotated_doc-0.0.5-py3-none-any.whl.metadata (6.5 kB)
Requirement already satisfied: click>=7.0 in C:\hostedtoolcache\windows\Python\3.12.10\x64\Lib\site-packages (from uvicorn>=0.30->uvicorn[standard]>=0.30->-r requirements.txt (line 12)) (8.5.0)
Collecting h11>=0.8 (from uvicorn>=0.30->uvicorn[standard]>=0.30->-r requirements.txt (line 12))
  Downloading h11-0.16.0-py3-none-any.whl.metadata (8.3 kB)
Collecting cffi (from sounddevice>=0.5->-r requirements.txt (line 17))
  Downloading cffi-2.1.1-cp312-cp312-win_amd64.whl.metadata (2.6 kB)
Collecting annotated-types>=0.6.0 (from pydantic>=2.9.0->fastapi>=0.115->-r requirements.txt (line 11))
  Downloading annotated_types-0.8.0-py3-none-any.whl.metadata (15 kB)
Collecting pydantic-core==2.46.5 (from pydantic>=2.9.0->fastapi>=0.115->-r requirements.txt (line 11))
  Downloading pydantic_core-2.46.5-cp312-cp312-win_amd64.whl.metadata (6.7 kB)
Collecting six>=1.5 (from python-dateutil>=2.7->matplotlib>=3.7->-r requirements.txt (line 8))
  Downloading six-1.17.0-py2.py3-none-any.whl.metadata (1.7 kB)
Collecting anyio<5,>=3.6.2 (from starlette>=0.46.0->fastapi>=0.115->-r requirements.txt (line 11))
  Downloading anyio-4.15.1-py3-none-any.whl.metadata (4.7 kB)
Collecting idna>=2.8 (from anyio<5,>=3.6.2->starlette>=0.46.0->fastapi>=0.115->-r requirements.txt (line 11))
  Downloading idna-3.20-py3-none-any.whl.metadata (7.2 kB)
Collecting httptools>=0.8.0 (from uvicorn[standard]>=0.30->-r requirements.txt (line 12))
  Downloading httptools-0.8.0-cp312-cp312-win_amd64.whl.metadata (3.7 kB)
Collecting python-dotenv>=0.13 (from uvicorn[standard]>=0.30->-r requirements.txt (line 12))
  Downloading python_dotenv-1.2.3-py3-none-any.whl.metadata (29 kB)
Collecting pyyaml>=5.1 (from uvicorn[standard]>=0.30->-r requirements.txt (line 12))
  Downloading pyyaml-6.0.3-cp312-cp312-win_amd64.whl.metadata (2.4 kB)
Collecting watchfiles>=0.20 (from uvicorn[standard]>=0.30->-r requirements.txt (line 12))
  Downloading watchfiles-1.3.0-cp310-abi3-win_amd64.whl.metadata (5.0 kB)
Collecting websockets>=13.0 (from uvicorn[standard]>=0.30->-r requirements.txt (line 12))
  Downloading websockets-17.1-cp312-cp312-win_amd64.whl.metadata (6.5 kB)
Collecting pycparser (from cffi->sounddevice>=0.5->-r requirements.txt (line 17))
  Downloading pycparser-3.0-py3-none-any.whl.metadata (8.2 kB)
Downloading pyinstaller-6.22.3-py3-none-win_amd64.whl (1.5 MB)
   ---------------------------------------- 1.5/1.5 MB 19.2 MB/s  0:00:00
Downloading hidapi-0.15.0-cp312-cp312-win_amd64.whl (67 kB)
Downloading numpy-2.5.3-cp312-cp312-win_amd64.whl (12.6 MB)
   ---------------------------------------- 12.6/12.6 MB 87.9 MB/s  0:00:00
Downloading matplotlib-3.11.2-cp312-cp312-win_amd64.whl (9.3 MB)
   ---------------------------------------- 9.3/9.3 MB 64.4 MB/s  0:00:00
Downloading fastapi-0.141.1-py3-none-any.whl (131 kB)
Downloading uvicorn-0.53.0-py3-none-any.whl (87 kB)
Downloading python_multipart-0.0.32-py3-none-any.whl (30 kB)
Downloading sounddevice-0.5.6-py3-none-win_amd64.whl (1.0 MB)
   ---------------------------------------- 1.0/1.0 MB 46.7 MB/s  0:00:00
Downloading opencv_python-5.0.0.93-cp37-abi3-win_amd64.whl (44.0 MB)
   ---------------------------------------- 44.0/44.0 MB 25.4 MB/s  0:00:01
Downloading annotated_doc-0.0.5-py3-none-any.whl (5.3 kB)
Downloading contourpy-1.4.0-cp312-cp312-win_amd64.whl (234 kB)
Downloading cycler-0.12.1-py3-none-any.whl (8.3 kB)
Downloading fonttools-4.65.0-cp312-cp312-win_amd64.whl (2.5 MB)
   ---------------------------------------- 2.5/2.5 MB 17.8 MB/s  0:00:00
Downloading h11-0.16.0-py3-none-any.whl (37 kB)
Downloading kiwisolver-1.5.1-cp312-cp312-win_amd64.whl (70 kB)
Downloading pefile-2024.8.26-py3-none-any.whl (74 kB)
Downloading pillow-12.3.0-cp312-cp312-win_amd64.whl (7.2 MB)
   ---------------------------------------- 7.2/7.2 MB 110.6 MB/s  0:00:00
Downloading pydantic-2.13.5-py3-none-any.whl (472 kB)
Downloading pydantic_core-2.46.5-cp312-cp312-win_amd64.whl (2.0 MB)
   ---------------------------------------- 2.0/2.0 MB 57.5 MB/s  0:00:00
Downloading annotated_types-0.8.0-py3-none-any.whl (13 kB)
Downloading pyinstaller_hooks_contrib-2026.7-py3-none-any.whl (459 kB)
Downloading pyparsing-3.3.3-py3-none-any.whl (126 kB)
Downloading python_dateutil-2.9.0.post0-py2.py3-none-any.whl (229 kB)
Downloading pywin32_ctypes-0.2.3-py3-none-any.whl (30 kB)
Downloading setuptools-84.0.0-py3-none-any.whl (818 kB)
   ---------------------------------------- 818.2/818.2 kB 37.1 MB/s  0:00:00
Downloading six-1.17.0-py2.py3-none-any.whl (11 kB)
Downloading starlette-1.6.0-py3-none-any.whl (75 kB)
Downloading anyio-4.15.1-py3-none-any.whl (132 kB)
Downloading idna-3.20-py3-none-any.whl (69 kB)
Downloading typing_extensions-4.16.0-py3-none-any.whl (45 kB)
Downloading typing_inspection-0.4.4-py3-none-any.whl (14 kB)
Downloading httptools-0.8.0-cp312-cp312-win_amd64.whl (90 kB)
Downloading python_dotenv-1.2.3-py3-none-any.whl (22 kB)
Downloading pyyaml-6.0.3-cp312-cp312-win_amd64.whl (154 kB)
Downloading watchfiles-1.3.0-cp310-abi3-win_amd64.whl (290 kB)
Downloading websockets-17.1-cp312-cp312-win_amd64.whl (217 kB)
Downloading altgraph-0.17.5-py2.py3-none-any.whl (21 kB)
Downloading cffi-2.1.1-cp312-cp312-win_amd64.whl (185 kB)
Downloading pycparser-3.0-py3-none-any.whl (48 kB)
Installing collected packages: hidapi, altgraph, websockets, typing-extensions, six, setuptools, pyyaml, pywin32-ctypes, python-multipart, python-dotenv, pyparsing, pyinstaller-hooks-contrib, pycparser, pillow, pefile, numpy, kiwisolver, idna, httptools, h11, fonttools, cycler, annotated-types, annotated-doc, uvicorn, typing-inspection, python-dateutil, pyinstaller, pydantic-core, opencv-python, contourpy, cffi, anyio, watchfiles, starlette, sounddevice, pydantic, matplotlib, fastapi

Successfully installed altgraph-0.17.5 annotated-doc-0.0.5 annotated-types-0.8.0 anyio-4.15.1 cffi-2.1.1 contourpy-1.4.0 cycler-0.12.1 fastapi-0.141.1 fonttools-4.65.0 h11-0.16.0 hidapi-0.15.0 httptools-0.8.0 idna-3.20 kiwisolver-1.5.1 matplotlib-3.11.2 numpy-2.5.3 opencv-python-5.0.0.93 pefile-2024.8.26 pillow-12.3.0 pycparser-3.0 pydantic-2.13.5 pydantic-core-2.46.5 pyinstaller-6.22.3 pyinstaller-hooks-contrib-2026.7 pyparsing-3.3.3 python-dateutil-2.9.0.post0 python-dotenv-1.2.3 python-multipart-0.0.32 pywin32-ctypes-0.2.3 pyyaml-6.0.3 setuptools-84.0.0 six-1.17.0 sounddevice-0.5.6 starlette-1.6.0 typing-extensions-4.16.0 typing-inspection-0.4.4 uvicorn-0.53.0 watchfiles-1.3.0 websockets-17.1
+ python -m PyInstaller packaging/wiigolf.spec --noconfirm --clean
541 INFO: PyInstaller: 6.22.3, contrib hooks: 2026.7
541 INFO: Python: 3.12.10
563 INFO: Platform: Windows-2025Server-10.0.26100-SP0
565 INFO: Python environment: C:\hostedtoolcache\windows\Python\3.12.10\x64
571 INFO: Removing temporary files and cleaning cache in C:\Users\runneradmin\AppData\Local\pyinstaller
1222 INFO: Module search paths (PYTHONPATH):
['D:\\a\\Wii_Golf\\Wii_Golf',
 'C:\\hostedtoolcache\\windows\\Python\\3.12.10\\x64\\python312.zip',
 'C:\\hostedtoolcache\\windows\\Python\\3.12.10\\x64\\DLLs',
 'C:\\hostedtoolcache\\windows\\Python\\3.12.10\\x64\\Lib',
 'C:\\hostedtoolcache\\windows\\Python\\3.12.10\\x64',
 'C:\\hostedtoolcache\\windows\\Python\\3.12.10\\x64\\Lib\\site-packages',
 'D:\\a\\Wii_Golf\\Wii_Golf\\packaging',
 'D:\\a\\Wii_Golf\\Wii_Golf']
1598 INFO: Appending 'datas' from .spec
1598 INFO: checking Analysis
1598 INFO: Building Analysis because Analysis-00.toc is non existent
1598 INFO: Looking for Python shared library...
1598 INFO: Using Python shared library: C:\hostedtoolcache\windows\Python\3.12.10\x64\python312.dll
1598 INFO: Running Analysis Analysis-00.toc
1598 INFO: Target bytecode optimization level: 0
1598 INFO: Initializing module dependency graph...
1602 INFO: Initializing module graph hook caches...
1618 INFO: Analyzing modules for base_library.zip ...
2848 INFO: Processing standard module hook 'hook-encodings.py' from 'C:\\hostedtoolcache\\windows\\Python\\3.12.10\\x64\\Lib\\site-packages\\PyInstaller\\hooks'
3222 INFO: Processing standard module hook 'hook-math.py' from 'C:\\hostedtoolcache\\windows\\Python\\3.12.10\\x64\\Lib\\site-packages\\PyInstaller\\hooks'
4497 INFO: Processing standard module hook 'hook-pickle.py' from 'C:\\hostedtoolcache\\windows\\Python\\3.12.10\\x64\\Lib\\site-packages\\PyInstaller\\hooks'
5693 INFO: Processing standard module hook 'hook-heapq.py' from 'C:\\hostedtoolcache\\windows\\Python\\3.12.10\\x64\\Lib\\site-packages\\PyInstaller\\hooks'
6252 INFO: Caching module dependency graph...
6294 INFO: Analyzing D:\a\Wii_Golf\Wii_Golf\packaging\launcher.py
6336 INFO: Processing standard module hook 'hook-webbrowser.py' from 'C:\\hostedtoolcache\\windows\\Python\\3.12.10\\x64\\Lib\\site-packages\\PyInstaller\\hooks'
6378 INFO: Processing standard module hook 'hook-_ctypes.py' from 'C:\\hostedtoolcache\\windows\\Python\\3.12.10\\x64\\Lib\\site-packages\\PyInstaller\\hooks'
6478 INFO: Processing standard module hook 'hook-platform.py' from 'C:\\hostedtoolcache\\windows\\Python\\3.12.10\\x64\\Lib\\site-packages\\PyInstaller\\hooks'
6730 INFO: Processing standard module hook 'hook-multiprocessing.util.py' from 'C:\\hostedtoolcache\\windows\\Python\\3.12.10\\x64\\Lib\\site-packages\\PyInstaller\\hooks'
6922 INFO: Processing standard module hook 'hook-xml.py' from 'C:\\hostedtoolcache\\windows\\Python\\3.12.10\\x64\\Lib\\site-packages\\PyInstaller\\hooks'
7735 INFO: Processing standard module hook 'hook-anyio.py' from 'C:\\hostedtoolcache\\windows\\Python\\3.12.10\\x64\\Lib\\site-packages\\_pyinstaller_hooks_contrib\\stdhooks'
8085 INFO: Processing pre-safe-import-module hook 'hook-typing_extensions.py' from 'C:\\hostedtoolcache\\windows\\Python\\3.12.10\\x64\\Lib\\site-packages\\PyInstaller\\hooks\\pre_safe_import_module'
8085 INFO: SetuptoolsInfo: initializing cached setuptools info...
9163 INFO: Processing standard module hook 'hook-pydantic.py' from 'C:\\hostedtoolcache\\windows\\Python\\3.12.10\\x64\\Lib\\site-packages\\_pyinstaller_hooks_contrib\\stdhooks'
9872 INFO: Processing standard module hook 'hook-zoneinfo.py' from 'C:\\hostedtoolcache\\windows\\Python\\3.12.10\\x64\\Lib\\site-packages\\_pyinstaller_hooks_contrib\\stdhooks'
9904 INFO: Processing standard module hook 'hook-sysconfig.py' from 'C:\\hostedtoolcache\\windows\\Python\\3.12.10\\x64\\Lib\\site-packages\\PyInstaller\\hooks'
11311 INFO: Processing standard module hook 'hook-numpy.py' from 'C:\\hostedtoolcache\\windows\\Python\\3.12.10\\x64\\Lib\\site-packages\\PyInstaller\\hooks'
13296 INFO: Processing standard module hook 'hook-difflib.py' from 'C:\\hostedtoolcache\\windows\\Python\\3.12.10\\x64\\Lib\\site-packages\\PyInstaller\\hooks'
14202 INFO: Processing standard module hook 'hook-sounddevice.py' from 'C:\\hostedtoolcache\\windows\\Python\\3.12.10\\x64\\Lib\\site-packages\\_pyinstaller_hooks_contrib\\stdhooks'
14243 INFO: Processing standard module hook 'hook-cv2.py' from 'C:\\hostedtoolcache\\windows\\Python\\3.12.10\\x64\\Lib\\site-packages\\_pyinstaller_hooks_contrib\\stdhooks'
14737 INFO: Processing standard module hook 'hook-matplotlib.py' from 'C:\\hostedtoolcache\\windows\\Python\\3.12.10\\x64\\Lib\\site-packages\\PyInstaller\\hooks'
15079 INFO: Processing pre-safe-import-module hook 'hook-packaging.py' from 'C:\\hostedtoolcache\\windows\\Python\\3.12.10\\x64\\Lib\\site-packages\\PyInstaller\\hooks\\pre_safe_import_module'
15434 INFO: Processing standard module hook 'hook-matplotlib.backend_bases.py' from 'C:\\hostedtoolcache\\windows\\Python\\3.12.10\\x64\\Lib\\site-packages\\PyInstaller\\hooks'
15573 INFO: Processing standard module hook 'hook-PIL.py' from 'C:\\hostedtoolcache\\windows\\Python\\3.12.10\\x64\\Lib\\site-packages\\PyInstaller\\hooks'
15678 INFO: Processing standard module hook 'hook-PIL.Image.py' from 'C:\\hostedtoolcache\\windows\\Python\\3.12.10\\x64\\Lib\\site-packages\\PyInstaller\\hooks'
16030 INFO: Processing standard module hook 'hook-xml.etree.cElementTree.py' from 'C:\\hostedtoolcache\\windows\\Python\\3.12.10\\x64\\Lib\\site-packages\\PyInstaller\\hooks'
16216 INFO: Processing standard module hook 'hook-PIL.ImageFilter.py' from 'C:\\hostedtoolcache\\windows\\Python\\3.12.10\\x64\\Lib\\site-packages\\PyInstaller\\hooks'
17059 INFO: Processing standard module hook 'hook-matplotlib.backends.py' from 'C:\\hostedtoolcache\\windows\\Python\\3.12.10\\x64\\Lib\\site-packages\\PyInstaller\\hooks'
17235 INFO: Processing standard module hook 'hook-matplotlib.pyplot.py' from 'C:\\hostedtoolcache\\windows\\Python\\3.12.10\\x64\\Lib\\site-packages\\PyInstaller\\hooks'
17384 INFO: Processing standard module hook 'hook-matplotlib.figure.py' from 'C:\\hostedtoolcache\\windows\\Python\\3.12.10\\x64\\Lib\\site-packages\\PyInstaller\\hooks'
18087 INFO: Processing standard module hook 'hook-dateutil.py' from 'C:\\hostedtoolcache\\windows\\Python\\3.12.10\\x64\\Lib\\site-packages\\_pyinstaller_hooks_contrib\\stdhooks'
18167 INFO: Processing pre-safe-import-module hook 'hook-six.moves.py' from 'C:\\hostedtoolcache\\windows\\Python\\3.12.10\\x64\\Lib\\site-packages\\PyInstaller\\hooks\\pre_safe_import_module'
19663 INFO: Processing pre-safe-import-module hook 'hook-gi.py' from 'C:\\hostedtoolcache\\windows\\Python\\3.12.10\\x64\\Lib\\site-packages\\PyInstaller\\hooks\\pre_safe_import_module'
19676 INFO: Processing standard module hook 'hook-uvicorn.py' from 'C:\\hostedtoolcache\\windows\\Python\\3.12.10\\x64\\Lib\\site-packages\\_pyinstaller_hooks_contrib\\stdhooks'
20787 INFO: Processing standard module hook 'hook-websockets.py' from 'C:\\hostedtoolcache\\windows\\Python\\3.12.10\\x64\\Lib\\site-packages\\_pyinstaller_hooks_contrib\\stdhooks'
21402 INFO: Analyzing hidden import 'uvicorn.__main__'
21402 INFO: Analyzing hidden import 'uvicorn.lifespan'
21402 INFO: Analyzing hidden import 'uvicorn.lifespan.off'
21404 INFO: Analyzing hidden import 'uvicorn.lifespan.on'
21410 INFO: Analyzing hidden import 'uvicorn.loops'
21410 INFO: Analyzing hidden import 'uvicorn.loops.asyncio'
21412 INFO: Analyzing hidden import 'uvicorn.loops.auto'
21414 INFO: Analyzing hidden import 'uvicorn.loops.zuvloop'
21415 INFO: Analyzing hidden import 'uvicorn.protocols.http.auto'
21416 INFO: Analyzing hidden import 'uvicorn.protocols.websockets.auto'
21417 INFO: Analyzing hidden import 'uvicorn.workers'
21421 INFO: Analyzing hidden import 'anyio._backends._asyncio'
21539 INFO: Processing module hooks (post-graph stage)...
21735 INFO: Processing pre-safe-import-module hook 'hook-tomli.py' from 'C:\\hostedtoolcache\\windows\\Python\\3.12.10\\x64\\Lib\\site-packages\\PyInstaller\\hooks\\pre_safe_import_module'
21735 INFO: Setuptools: 'tomli' appears to be a setuptools-vendored copy - creating alias to 'setuptools._vendor.tomli'!
21970 WARNING: Hidden import "tzdata" not found!
21972 INFO: Processing standard module hook 'hook-matplotlib.backends.py' from 'C:\\hostedtoolcache\\windows\\Python\\3.12.10\\x64\\Lib\\site-packages\\PyInstaller\\hooks'
21972 INFO: Matplotlib backend selection method: automatic discovery of used backends
21998 INFO: Discovered Matplotlib backend(s) via `matplotlib.use()` call in module 'wiigolf.analysis': ['Agg']
21998 INFO: The following Matplotlib backends were discovered by scanning for `matplotlib.use()` calls: ['Agg']. If your backend of choice is not in this list, either add a `matplotlib.use()` call to your code, or configure the backend collection via hook options (see: https://pyinstaller.org/en/stable/hooks-config.html#matplotlib-hooks).
22325 INFO: Selected matplotlib backends: ['Agg']
22327 INFO: Extra dists for selected matplotlib backends: []
22584 INFO: Processing standard module hook 'hook-PIL.SpiderImagePlugin.py' from 'C:\\hostedtoolcache\\windows\\Python\\3.12.10\\x64\\Lib\\site-packages\\PyInstaller\\hooks'
22683 INFO: Performing binary vs. data reclassification (222 entries)
22708 INFO: Looking for ctypes DLLs
22766 INFO: Analyzing run-time hooks ...
22772 INFO: Including run-time hook 'pyi_rth_pkgutil.py' from 'C:\\hostedtoolcache\\windows\\Python\\3.12.10\\x64\\Lib\\site-packages\\PyInstaller\\hooks\\rthooks'
22774 INFO: Including run-time hook 'pyi_rth_inspect.py' from 'C:\\hostedtoolcache\\windows\\Python\\3.12.10\\x64\\Lib\\site-packages\\PyInstaller\\hooks\\rthooks'
22778 INFO: Including run-time hook 'pyi_rth_multiprocessing.py' from 'C:\\hostedtoolcache\\windows\\Python\\3.12.10\\x64\\Lib\\site-packages\\PyInstaller\\hooks\\rthooks'
22780 INFO: Including run-time hook 'pyi_rth_mplconfig.py' from 'C:\\hostedtoolcache\\windows\\Python\\3.12.10\\x64\\Lib\\site-packages\\PyInstaller\\hooks\\rthooks'
22780 INFO: Processing pre-find-module-path hook 'hook-_pyi_rth_utils.py' from 'C:\\hostedtoolcache\\windows\\Python\\3.12.10\\x64\\Lib\\site-packages\\PyInstaller\\hooks\\pre_find_module_path'
22782 INFO: Processing standard module hook 'hook-_pyi_rth_utils.py' from 'C:\\hostedtoolcache\\windows\\Python\\3.12.10\\x64\\Lib\\site-packages\\PyInstaller\\hooks'
22814 INFO: Creating base_library.zip...
22836 INFO: Looking for dynamic libraries
27580 INFO: Extra DLL search directories (AddDllDirectory): ['C:\\hostedtoolcache\\windows\\Python\\3.12.10\\x64\\Lib\\site-packages\\numpy.libs', 'C:\\hostedtoolcache\\windows\\Python\\3.12.10\\x64\\Lib\\site-packages\\cv2\\../../x64/vc17/bin']
27580 INFO: Extra DLL search directories (PATH): ['C:\\hostedtoolcache\\windows\\Python\\3.12.10\\x64\\Lib\\site-packages\\cv2\\../../x64/vc17/bin']
28900 INFO: Warnings written to D:\a\Wii_Golf\Wii_Golf\build\wiigolf\warn-wiigolf.txt
29009 INFO: Graph cross-reference written to D:\a\Wii_Golf\Wii_Golf\build\wiigolf\xref-wiigolf.html
29051 INFO: checking PYZ
29051 INFO: Building PYZ because PYZ-00.toc is non existent
29051 INFO: Building PYZ (ZlibArchive) D:\a\Wii_Golf\Wii_Golf\build\wiigolf\PYZ-00.pyz
30222 INFO: Building PYZ (ZlibArchive) D:\a\Wii_Golf\Wii_Golf\build\wiigolf\PYZ-00.pyz completed successfully.
30257 INFO: checking PKG
30257 INFO: Building PKG because PKG-00.toc is non existent
30257 INFO: Building PKG (CArchive) WiiGolf.pkg
30277 INFO: Building PKG (CArchive) WiiGolf.pkg completed successfully.
30279 INFO: Bootloader C:\hostedtoolcache\windows\Python\3.12.10\x64\Lib\site-packages\PyInstaller\bootloader\Windows-64bit-intel\run.exe
30279 INFO: checking EXE
30279 INFO: Building EXE because EXE-00.toc is non existent
30279 INFO: Building EXE from EXE-00.toc
30279 INFO: Copying bootloader EXE to D:\a\Wii_Golf\Wii_Golf\build\wiigolf\WiiGolf.exe
30281 INFO: Copying icon to EXE
30283 INFO: Copying 0 resources to EXE
30283 INFO: Embedding manifest in EXE
30285 INFO: Appending PKG archive to EXE
30290 INFO: Fixing EXE headers
30417 INFO: Building EXE from EXE-00.toc completed successfully.
30421 INFO: checking COLLECT
30421 INFO: Building COLLECT because COLLECT-00.toc is non existent
30423 INFO: Building COLLECT COLLECT-00.toc
30760 INFO: Building COLLECT COLLECT-00.toc completed successfully.
30772 INFO: Build complete! The results are available in: D:\a\Wii_Golf\Wii_Golf\dist
+ cp packaging/LEEME.txt dist/WiiGolf/LEEME.txt
+ mkdir -p dist/WiiGolf/data
+ ./dist/WiiGolf/WiiGolf.exe --check
Wii Golf - comprobacion del equipo
  Sistema: win32  Python 3.12.10 (ejecutable empaquetado)
  Carpeta de datos: D:\a\Wii_Golf\Wii_Golf\dist\WiiGolf\data
  Tabla (HID): no encontrada (enciendela; si no aparece, emparejala con --pair o desde la web)
  Bluetooth: no disponible (No hay ningún adaptador Bluetooth activo)
  Microfono: disponible
  Camara (OpenCV): disponible
+ python -c 'import shutil; shutil.make_archive('\''dist/WiiGolf-win64'\'', '\''zip'\'', '\''dist'\'', '\''WiiGolf'\'')'
+ ls -la dist/WiiGolf-win64.zip
-rw-r--r-- 1 runneradmin 197121 87510819 Sep 22 22:26 dist/WiiGolf-win64.zip
== job windows | run 35792219863 | status success ==
